// Jest Snapshot v1, https://goo.gl/fbAQLP

exports[`should render ExpenseList with expenses 1`] = `""`;

exports[`should render ExpenseList with no expenses message 1`] = `""`;
