// Jest Snapshot v1, https://goo.gl/fbAQLP

exports[`should render Header correctly 1`] = `
<div>
  <header>
    <h1>
      Budget App
    </h1>
    <NavLink
      activeClassName="is-active"
      exact={true}
      to="/"
    >
       Home
    </NavLink>
     |
    <NavLink
      activeClassName="is-active"
      to="/create"
    >
       Create Expense
    </NavLink>
     |
    <NavLink
      activeClassName="is-active"
      to="/help"
    >
       Help
    </NavLink>
  </header>
</div>
`;
